src/components/help/tutorials/TutorialSeries.tsx(9,15): error TS2305: Module '"@/types/tutorials"' has no exported member 'TutorialSeries'.
src/components/progress/stats/GamePhaseAnalysis.tsx(386,25): error TS2339: Property 'accuracy' does not exist on type '{ accuracy: number; bookMoves: number; noveltySuccess: number; timeSpent: number; advantageGained: number; commonMistakes: { position: string; mistake: string; frequency: number; }[]; } | { tacticalAccuracy: number; ... 4 more ...; mostDifficultPhase: boolean; } | { ...; }'.
src/components/progress/stats/GamePhaseAnalysis.tsx(388,26): error TS2339: Property 'tacticalAccuracy' does not exist on type '{ accuracy: number; bookMoves: number; noveltySuccess: number; timeSpent: number; advantageGained: number; commonMistakes: { position: string; mistake: string; frequency: number; }[]; } | { tacticalAccuracy: number; ... 4 more ...; mostDifficultPhase: boolean; } | { ...; }'.
src/components/progress/stats/GamePhaseAnalysis.tsx(388,55): error TS2339: Property 'positionalUnderstanding' does not exist on type '{ accuracy: number; bookMoves: number; noveltySuccess: number; timeSpent: number; advantageGained: number; commonMistakes: { position: string; mistake: string; frequency: number; }[]; } | { tacticalAccuracy: number; ... 4 more ...; mostDifficultPhase: boolean; } | { ...; }'.
src/components/progress/stats/GamePhaseAnalysis.tsx(388,91): error TS2339: Property 'planExecution' does not exist on type '{ accuracy: number; bookMoves: number; noveltySuccess: number; timeSpent: number; advantageGained: number; commonMistakes: { position: string; mistake: string; frequency: number; }[]; } | { tacticalAccuracy: number; ... 4 more ...; mostDifficultPhase: boolean; } | { ...; }'.
src/components/progress/stats/GamePhaseAnalysis.tsx(389,26): error TS2339: Property 'technique' does not exist on type '{ accuracy: number; bookMoves: number; noveltySuccess: number; timeSpent: number; advantageGained: number; commonMistakes: { position: string; mistake: string; frequency: number; }[]; } | { tacticalAccuracy: number; ... 4 more ...; mostDifficultPhase: boolean; } | { ...; }'.
src/components/progress/stats/GamePhaseAnalysis.tsx(389,48): error TS2339: Property 'calculation' does not exist on type '{ accuracy: number; bookMoves: number; noveltySuccess: number; timeSpent: number; advantageGained: number; commonMistakes: { position: string; mistake: string; frequency: number; }[]; } | { tacticalAccuracy: number; ... 4 more ...; mostDifficultPhase: boolean; } | { ...; }'.
src/components/progress/stats/GamePhaseAnalysis.tsx(389,72): error TS2339: Property 'conversion' does not exist on type '{ accuracy: number; bookMoves: number; noveltySuccess: number; timeSpent: number; advantageGained: number; commonMistakes: { position: string; mistake: string; frequency: number; }[]; } | { tacticalAccuracy: number; ... 4 more ...; mostDifficultPhase: boolean; } | { ...; }'.
src/components/settings/board/PieceSelector.tsx(98,57): error TS2339: Property 'description' does not exist on type '{ id: PieceSet; name: string; preview: string; } | { id: PieceSet; name: PieceSet; preview: string; description: string; }'.
src/components/study/plans/ProgressTracker.tsx(166,50): error TS2339: Property 'difficulty' does not exist on type 'LearningPath'.
src/data/helpContent.ts(726,29): error TS2339: Property 'title' does not exist on type 'HelpArticle | FAQItem | Tutorial'.
src/data/helpContent.ts(727,28): error TS2339: Property 'description' does not exist on type 'HelpArticle | FAQItem | Tutorial'.
src/data/helpContent.ts(736,17): error TS2339: Property 'title' does not exist on type 'HelpArticle | FAQItem | Tutorial'.
src/data/helpContent.ts(737,23): error TS2339: Property 'description' does not exist on type 'HelpArticle | FAQItem | Tutorial'.
src/data/tutorials.ts(10,3): error TS2305: Module '"@/types/tutorials"' has no exported member 'TutorialSeries'.
src/hooks/useAccount.ts(399,33): error TS2339: Property 'error' does not exist on type '{ success: boolean; data: { secret: string; qrCode: string; }; }'.
src/hooks/useAccount.ts(844,33): error TS2339: Property 'error' does not exist on type '{ success: boolean; data: { requestId: string; estimatedTime: string; downloadUrl: string; }; }'.
src/hooks/useAccount.ts(877,25): error TS2339: Property 'error' does not exist on type '{ success: boolean; data: { requestId: string; cancellationDeadline: number; }; }'.
src/hooks/useLearningPath.ts(235,38): error TS2339: Property 'expectedBenefit' does not exist on type 'LearningRecommendation'.
src/hooks/usePlayComputer.ts(196,15): error TS2339: Property 'playCapture' does not exist on type 'SoundEffects'.
src/hooks/usePlayComputer.ts(198,15): error TS2339: Property 'playCheck' does not exist on type 'SoundEffects'.
src/hooks/usePlayComputer.ts(252,17): error TS2339: Property 'playCapture' does not exist on type 'SoundEffects'.
src/hooks/usePlayComputer.ts(254,17): error TS2339: Property 'playCheck' does not exist on type 'SoundEffects'.
src/hooks/useRegister.ts(16,11): error TS2339: Property 'register' does not exist on type 'AuthState'.
src/hooks/useTutorials.ts(11,25): error TS2305: Module '"@/types/tutorials"' has no exported member 'TutorialSeries'.
src/pages/DashboardPage.tsx(123,38): error TS2339: Property 'surface' does not exist on type 'Theme'.
src/pages/DashboardPage.tsx(148,38): error TS2339: Property 'surface' does not exist on type 'Theme'.
src/pages/DashboardPage.tsx(166,38): error TS2339: Property 'surface' does not exist on type 'Theme'.
src/pages/DashboardPage.tsx(188,36): error TS2339: Property 'surface' does not exist on type 'Theme'.
src/pages/help/HelpCenterPage.tsx(83,5): error TS2339: Property 'handleViewChange' does not exist on type 'HelpCenterHookReturn'.
src/pages/help/HelpCenterPage.tsx(84,5): error TS2339: Property 'handleSearch' does not exist on type 'HelpCenterHookReturn'.
src/pages/help/HelpCenterPage.tsx(85,5): error TS2339: Property 'handleCategorySelect' does not exist on type 'HelpCenterHookReturn'.
src/pages/help/HelpCenterPage.tsx(86,5): error TS2339: Property 'handleArticleSelect' does not exist on type 'HelpCenterHookReturn'.
src/pages/help/HelpCenterPage.tsx(87,5): error TS2339: Property 'handleFAQVote' does not exist on type 'HelpCenterHookReturn'.
src/pages/play/AnalysisBoardPage.tsx(36,5): error TS2339: Property 'handlePieceDrop' does not exist on type '{ state: AnalysisBoardState; actions: AnalysisBoardActions; derived: { isGameOver: boolean; canUndo: boolean; canRedo: boolean; currentPlayer: string; inCheck: boolean; legalMoves: Move[]; gameStatus: string; }; }'.
src/pages/play/AnalysisBoardPage.tsx(37,5): error TS2339: Property 'handleFlipBoard' does not exist on type '{ state: AnalysisBoardState; actions: AnalysisBoardActions; derived: { isGameOver: boolean; canUndo: boolean; canRedo: boolean; currentPlayer: string; inCheck: boolean; legalMoves: Move[]; gameStatus: string; }; }'.
src/pages/play/AnalysisBoardPage.tsx(38,5): error TS2339: Property 'handleBackToDashboard' does not exist on type '{ state: AnalysisBoardState; actions: AnalysisBoardActions; derived: { isGameOver: boolean; canUndo: boolean; canRedo: boolean; currentPlayer: string; inCheck: boolean; legalMoves: Move[]; gameStatus: string; }; }'.
src/pages/play/GameReviewPage.tsx(65,5): error TS2339: Property 'handleGameSelect' does not exist on type 'GameReviewHookReturn'.
src/pages/play/GameReviewPage.tsx(66,5): error TS2339: Property 'handleImportGame' does not exist on type 'GameReviewHookReturn'.
src/pages/play/GameReviewPage.tsx(67,5): error TS2339: Property 'handleMoveNavigation' does not exist on type 'GameReviewHookReturn'.
src/pages/play/GameReviewPage.tsx(68,5): error TS2339: Property 'toggleAutoPlay' does not exist on type 'GameReviewHookReturn'.
src/pages/play/GameReviewPage.tsx(69,5): error TS2339: Property 'getCurrentPosition' does not exist on type 'GameReviewHookReturn'.
src/pages/play/GameReviewPage.tsx(70,5): error TS2339: Property 'getCurrentMove' does not exist on type 'GameReviewHookReturn'.
src/pages/play/GameReviewPage.tsx(93,71): error TS2339: Property 'glassMorphism' does not exist on type 'Theme'.
src/pages/play/GameReviewPage.tsx(386,58): error TS2339: Property 'glassMorphism' does not exist on type 'Theme'.
src/pages/progress/AchievementsPage.tsx(44,5): error TS2339: Property 'handleAchievementClick' does not exist on type 'AchievementsHookReturn'.
src/pages/progress/AchievementsPage.tsx(45,5): error TS2339: Property 'handleShare' does not exist on type 'AchievementsHookReturn'.
src/pages/progress/AchievementsPage.tsx(46,5): error TS2339: Property 'handleBackToProgress' does not exist on type 'AchievementsHookReturn'.
src/pages/progress/AchievementsPage.tsx(147,111): error TS2339: Property 'glassMorphism' does not exist on type 'Theme'.
src/pages/progress/AchievementsPage.tsx(158,111): error TS2339: Property 'glassMorphism' does not exist on type 'Theme'.
src/pages/progress/AchievementsPage.tsx(167,111): error TS2339: Property 'glassMorphism' does not exist on type 'Theme'.
src/pages/progress/AchievementsPage.tsx(178,111): error TS2339: Property 'glassMorphism' does not exist on type 'Theme'.
src/pages/progress/AchievementsPage.tsx(190,116): error TS2339: Property 'glassMorphism' does not exist on type 'Theme'.
src/pages/progress/AchievementsPage.tsx(258,111): error TS2339: Property 'glassMorphism' does not exist on type 'Theme'.
src/pages/progress/AchievementsPage.tsx(299,128): error TS2339: Property 'glassMorphism' does not exist on type 'Theme'.
src/pages/progress/DetailedStatsPage.tsx(51,5): error TS2339: Property 'handleNavigation' does not exist on type 'DetailedStatsHookReturn'.
src/pages/progress/DetailedStatsPage.tsx(52,5): error TS2339: Property 'handleTimePeriodChange' does not exist on type 'DetailedStatsHookReturn'.
src/pages/progress/DetailedStatsPage.tsx(53,5): error TS2339: Property 'handleRefresh' does not exist on type 'DetailedStatsHookReturn'.
src/pages/progress/DetailedStatsPage.tsx(54,5): error TS2339: Property 'handleExport' does not exist on type 'DetailedStatsHookReturn'.
src/pages/progress/DetailedStatsPage.tsx(55,5): error TS2339: Property 'handleRecommendationClick' does not exist on type 'DetailedStatsHookReturn'.
src/pages/progress/DetailedStatsPage.tsx(56,5): error TS2339: Property 'getDataQualityBadge' does not exist on type 'DetailedStatsHookReturn'.
src/pages/progress/LearningPathPage.tsx(49,5): error TS2339: Property 'handleTabChange' does not exist on type 'LearningPathHookReturn'.
src/pages/progress/ProgressOverviewPage.tsx(50,5): error TS2339: Property 'handleTimePeriodChange' does not exist on type 'ProgressOverviewHookReturn'.
src/pages/progress/ProgressOverviewPage.tsx(51,5): error TS2339: Property 'handleRefresh' does not exist on type 'ProgressOverviewHookReturn'.
src/pages/progress/ProgressOverviewPage.tsx(52,5): error TS2339: Property 'handleNavigation' does not exist on type 'ProgressOverviewHookReturn'.
src/pages/puzzles/EndgamePuzzlesPage.tsx(268,35): error TS2339: Property 'glassMorphism' does not exist on type 'Theme'.
src/pages/puzzles/EndgamePuzzlesPage.tsx(284,39): error TS2339: Property 'glassMorphism' does not exist on type 'Theme'.
src/pages/puzzles/EndgamePuzzlesPage.tsx(293,39): error TS2339: Property 'glassMorphism' does not exist on type 'Theme'.
src/pages/puzzles/EndgamePuzzlesPage.tsx(305,41): error TS2339: Property 'glassMorphism' does not exist on type 'Theme'.
src/pages/puzzles/EndgamePuzzlesPage.tsx(315,43): error TS2339: Property 'glassMorphism' does not exist on type 'Theme'.
src/pages/puzzles/EndgamePuzzlesPage.tsx(337,43): error TS2339: Property 'glassMorphism' does not exist on type 'Theme'.
src/pages/puzzles/EndgamePuzzlesPage.tsx(347,43): error TS2339: Property 'glassMorphism' does not exist on type 'Theme'.
src/pages/puzzles/EndgamePuzzlesPage.tsx(357,43): error TS2339: Property 'glassMorphism' does not exist on type 'Theme'.
src/pages/puzzles/EndgamePuzzlesPage.tsx(368,43): error TS2339: Property 'glassMorphism' does not exist on type 'Theme'.
src/pages/puzzles/EndgamePuzzlesPage.tsx(380,43): error TS2339: Property 'glassMorphism' does not exist on type 'Theme'.
src/pages/puzzles/EndgamePuzzlesPage.tsx(387,67): error TS2339: Property 'glassMorphism' does not exist on type 'Theme'.
src/pages/puzzles/EndgamePuzzlesPage.tsx(411,45): error TS2339: Property 'glassMorphism' does not exist on type 'Theme'.
src/pages/puzzles/EndgamePuzzlesPage.tsx(428,45): error TS2339: Property 'glassMorphism' does not exist on type 'Theme'.
src/pages/puzzles/EndgamePuzzlesPage.tsx(433,70): error TS2339: Property 'success' does not exist on type 'Theme'.
src/pages/puzzles/EndgamePuzzlesPage.tsx(435,68): error TS2339: Property 'success' does not exist on type 'Theme'.
src/pages/puzzles/EndgamePuzzlesPage.tsx(443,66): error TS2339: Property 'destructive' does not exist on type 'Theme'.
src/pages/puzzles/EndgamePuzzlesPage.tsx(445,68): error TS2339: Property 'destructive' does not exist on type 'Theme'.
src/pages/puzzles/EndgamePuzzlesPage.tsx(458,43): error TS2339: Property 'glassMorphism' does not exist on type 'Theme'.
src/pages/puzzles/EndgamePuzzlesPage.tsx(477,50): error TS2339: Property 'glassMorphism' does not exist on type 'Theme'.
src/pages/puzzles/EndgamePuzzlesPage.tsx(489,39): error TS2339: Property 'glassMorphism' does not exist on type 'Theme'.
src/pages/puzzles/EndgamePuzzlesPage.tsx(536,65): error TS2339: Property 'glassMorphism' does not exist on type 'Theme'.
src/pages/puzzles/EndgamePuzzlesPage.tsx(554,82): error TS2339: Property 'glassMorphism' does not exist on type 'Theme'.
src/pages/puzzles/TacticalPuzzlesPage.tsx(224,35): error TS2339: Property 'glassMorphism' does not exist on type 'Theme'.
src/pages/puzzles/TacticalPuzzlesPage.tsx(240,39): error TS2339: Property 'glassMorphism' does not exist on type 'Theme'.
src/pages/puzzles/TacticalPuzzlesPage.tsx(249,39): error TS2339: Property 'glassMorphism' does not exist on type 'Theme'.
src/pages/puzzles/TacticalPuzzlesPage.tsx(263,39): error TS2339: Property 'glassMorphism' does not exist on type 'Theme'.
src/pages/puzzles/TacticalPuzzlesPage.tsx(285,39): error TS2339: Property 'glassMorphism' does not exist on type 'Theme'.
src/pages/puzzles/TacticalPuzzlesPage.tsx(295,39): error TS2339: Property 'glassMorphism' does not exist on type 'Theme'.
src/pages/puzzles/TacticalPuzzlesPage.tsx(305,39): error TS2339: Property 'glassMorphism' does not exist on type 'Theme'.
src/pages/puzzles/TacticalPuzzlesPage.tsx(316,39): error TS2339: Property 'glassMorphism' does not exist on type 'Theme'.
src/pages/puzzles/TacticalPuzzlesPage.tsx(328,39): error TS2339: Property 'glassMorphism' does not exist on type 'Theme'.
src/pages/puzzles/TacticalPuzzlesPage.tsx(335,63): error TS2339: Property 'glassMorphism' does not exist on type 'Theme'.
src/pages/puzzles/TacticalPuzzlesPage.tsx(363,41): error TS2339: Property 'glassMorphism' does not exist on type 'Theme'.
src/pages/puzzles/TacticalPuzzlesPage.tsx(368,66): error TS2339: Property 'success' does not exist on type 'Theme'.
src/pages/puzzles/TacticalPuzzlesPage.tsx(370,64): error TS2339: Property 'success' does not exist on type 'Theme'.
src/pages/puzzles/TacticalPuzzlesPage.tsx(378,62): error TS2339: Property 'destructive' does not exist on type 'Theme'.
src/pages/puzzles/TacticalPuzzlesPage.tsx(380,64): error TS2339: Property 'destructive' does not exist on type 'Theme'.
src/pages/puzzles/TacticalPuzzlesPage.tsx(393,39): error TS2339: Property 'glassMorphism' does not exist on type 'Theme'.
src/pages/puzzles/TacticalPuzzlesPage.tsx(412,46): error TS2339: Property 'glassMorphism' does not exist on type 'Theme'.
src/pages/puzzles/TacticalPuzzlesPage.tsx(421,39): error TS2339: Property 'glassMorphism' does not exist on type 'Theme'.
src/pages/puzzles/TacticalPuzzlesPage.tsx(436,45): error TS2339: Property 'glassMorphism' does not exist on type 'Theme'.
src/pages/settings/AccountPage.tsx(34,5): error TS2339: Property 'handleSectionChange' does not exist on type 'AccountHookReturn'.
src/pages/settings/AccountPage.tsx(35,5): error TS2339: Property 'getAccountTypeColor' does not exist on type 'AccountHookReturn'.
src/pages/settings/AccountPage.tsx(36,5): error TS2339: Property 'getAccountTypeIcon' does not exist on type 'AccountHookReturn'.
src/pages/settings/AccountPage.tsx(85,39): error TS2339: Property 'glassMorphism' does not exist on type 'Theme'.
src/pages/settings/AccountPage.tsx(107,38): error TS2339: Property 'glassMorphism' does not exist on type 'Theme'.
src/pages/settings/AccountPage.tsx(121,74): error TS2339: Property 'glassMorphism' does not exist on type 'Theme'.
src/pages/settings/AccountPage.tsx(202,77): error TS2339: Property 'glassMorphism' does not exist on type 'Theme'.
src/pages/settings/BoardSettingsPage.tsx(51,5): error TS2339: Property 'handleSave' does not exist on type 'BoardSettingsHookReturn'.
src/pages/settings/BoardSettingsPage.tsx(52,5): error TS2339: Property 'handleExport' does not exist on type 'BoardSettingsHookReturn'.
src/pages/settings/BoardSettingsPage.tsx(53,5): error TS2339: Property 'handleImport' does not exist on type 'BoardSettingsHookReturn'.
src/pages/settings/BoardSettingsPage.tsx(54,5): error TS2339: Property 'handleReset' does not exist on type 'BoardSettingsHookReturn'.
src/pages/settings/BoardSettingsPage.tsx(73,35): error TS2339: Property 'glassMorphism' does not exist on type 'Theme'.
src/pages/settings/BoardSettingsPage.tsx(219,39): error TS2339: Property 'glassMorphism' does not exist on type 'Theme'.
src/pages/settings/BoardSettingsPage.tsx(270,39): error TS2339: Property 'glassMorphism' does not exist on type 'Theme'.
src/pages/settings/BoardSettingsPage.tsx(364,43): error TS2339: Property 'glassMorphism' does not exist on type 'Theme'.
src/pages/settings/NotificationsPage.tsx(64,5): error TS2339: Property 'handleSave' does not exist on type 'NotificationsHookReturn'.
src/pages/settings/NotificationsPage.tsx(65,5): error TS2339: Property 'handleNotificationClick' does not exist on type 'NotificationsHookReturn'.
src/pages/settings/NotificationsPage.tsx(66,5): error TS2339: Property 'handleTestNotification' does not exist on type 'NotificationsHookReturn'.
src/pages/settings/NotificationsPage.tsx(67,5): error TS2339: Property 'handleRunDiagnostics' does not exist on type 'NotificationsHookReturn'.
src/pages/settings/NotificationsPage.tsx(68,5): error TS2339: Property 'handleExportSettings' does not exist on type 'NotificationsHookReturn'.
src/pages/settings/NotificationsPage.tsx(69,5): error TS2339: Property 'handleImportSettings' does not exist on type 'NotificationsHookReturn'.
src/pages/settings/NotificationsPage.tsx(290,43): error TS2339: Property 'glassMorphism' does not exist on type 'Theme'.
src/pages/settings/NotificationsPage.tsx(302,43): error TS2339: Property 'glassMorphism' does not exist on type 'Theme'.
src/pages/settings/NotificationsPage.tsx(314,43): error TS2339: Property 'glassMorphism' does not exist on type 'Theme'.
src/pages/settings/NotificationsPage.tsx(367,41): error TS2339: Property 'glassMorphism' does not exist on type 'Theme'.
src/pages/settings/NotificationsPage.tsx(420,43): error TS2339: Property 'glassMorphism' does not exist on type 'Theme'.
src/pages/settings/PreferencesPage.tsx(40,5): error TS2339: Property 'handleBack' does not exist on type 'PreferencesHookReturn'.
src/pages/settings/PreferencesPage.tsx(41,5): error TS2339: Property 'handleSave' does not exist on type 'PreferencesHookReturn'.
src/pages/settings/PreferencesPage.tsx(42,5): error TS2339: Property 'handleDiscard' does not exist on type 'PreferencesHookReturn'.
src/pages/settings/PreferencesPage.tsx(43,5): error TS2339: Property 'handleReset' does not exist on type 'PreferencesHookReturn'.
src/pages/settings/PreferencesPage.tsx(44,5): error TS2339: Property 'handleExport' does not exist on type 'PreferencesHookReturn'.
src/pages/settings/PreferencesPage.tsx(45,5): error TS2339: Property 'handleQuickPreset' does not exist on type 'PreferencesHookReturn'.
src/pages/settings/PreferencesPage.tsx(46,5): error TS2339: Property 'getSectionInfo' does not exist on type 'PreferencesHookReturn'.
src/pages/settings/PreferencesPage.tsx(194,74): error TS2339: Property 'glassMorphism' does not exist on type 'Theme'.
src/pages/settings/PreferencesPage.tsx(298,75): error TS2339: Property 'glassMorphism' does not exist on type 'Theme'.
src/pages/settings/PreferencesPage.tsx(312,75): error TS2339: Property 'glassMorphism' does not exist on type 'Theme'.
src/pages/settings/PreferencesPage.tsx(328,74): error TS2339: Property 'glassMorphism' does not exist on type 'Theme'.
src/pages/study/EndgameLibraryPage.tsx(66,5): error TS2339: Property 'handleBack' does not exist on type 'EndgameLibraryHookReturn'.
src/pages/study/EndgameLibraryPage.tsx(67,5): error TS2339: Property 'handleTabChange' does not exist on type 'EndgameLibraryHookReturn'.
src/pages/study/EndgameLibraryPage.tsx(68,5): error TS2339: Property 'handleStartPractice' does not exist on type 'EndgameLibraryHookReturn'.
src/pages/study/EndgameLibraryPage.tsx(69,5): error TS2339: Property 'getCategoryProgress' does not exist on type 'EndgameLibraryHookReturn'.
src/pages/study/MasterGamesPage.tsx(57,5): error TS2339: Property 'handleBackClick' does not exist on type 'MasterGamesHookReturn'.
src/pages/study/MasterGamesPage.tsx(58,5): error TS2339: Property 'handleFlipBoard' does not exist on type 'MasterGamesHookReturn'.
src/pages/study/OpeningExplorerPage.tsx(57,5): error TS2339: Property 'handleOpeningSelect' does not exist on type 'OpeningExplorerHookReturn'.
src/pages/study/OpeningExplorerPage.tsx(58,5): error TS2339: Property 'handleVariationSelect' does not exist on type 'OpeningExplorerHookReturn'.
src/pages/study/OpeningExplorerPage.tsx(59,5): error TS2339: Property 'handleGameSelect' does not exist on type 'OpeningExplorerHookReturn'.
src/pages/study/StudyPlansPage.tsx(58,5): error TS2339: Property 'handleTabChange' does not exist on type 'StudyPlansHookReturn'.
src/pages/study/StudyPlansPage.tsx(59,5): error TS2339: Property 'handleLessonComplete' does not exist on type 'StudyPlansHookReturn'.
src/pages/study/StudyPlansPage.tsx(60,5): error TS2339: Property 'getTabIcon' does not exist on type 'StudyPlansHookReturn'.
src/types/landing.ts(6,10): error TS2305: Module '"lucide-react"' has no exported member 'IconProps'.
src/types/progressOverview.ts(6,10): error TS2305: Module '"lucide-react"' has no exported member 'IconProps'.
